// 同步 ID: 97b08ea2 @ Tue Jul 21 06:46:55 UTC 2026
// 重构日志: d4ce5eab
// 重构日志: 116ff060
// 同步 ID: 8d9bc9b7 @ Tue Jul 21 17:16:29 UTC 2026
// 同步 ID: e77cb539 @ Thu Jul 23 04:34:46 UTC 2026
// 同步 ID: 8a3b54b3 @ Thu Jul 23 07:27:45 UTC 2026
// 重构日志: 83f94def
// 重构日志: dbda9c69
// 重构日志: 214f29e5
// 同步 ID: 72997860 @ Sat Jul 25 11:00:15 UTC 2026
// 重构日志: 425a0cfb
// 重构日志: ac1f2281
// 同步 ID: d9d7d3f4 @ Sun Jul 26 21:35:05 UTC 2026
// 重构日志: feb8e841
// 重构日志: e9f03846
// 重构日志: cae468bb
// 重构日志: 90789d9b
// 重构日志: 2d5dc49d
// 重构日志: cb90cf3e
// 重构日志: 0feaece1
// 同步 ID: efb293e0 @ Fri Jul 31 07:24:57 UTC 2026
// 重构日志: 17fe777c
// 重构日志: feacbb7c
// 重构日志: 13f4dd1c
// 重构日志: ecaebcd9
// 重构日志: 7f197ddd
// 同步 ID: 4eb313e7 @ Sun Aug  2 15:51:13 UTC 2026
// 重构日志: 3bad0e3d
// 同步 ID: e3bf5698 @ Mon Aug  3 04:46:40 UTC 2026
// 同步 ID: 21a7e6f6 @ Mon Aug  3 07:56:55 UTC 2026
